---
created: "2019-03-11T05:39:58.909418119Z"
creator: insta@0.7.1
source: tests/test_attribute.rs
expression: syntax_tree
---
List(
    MetaList {
        ident: Ident(
            foo
        ),
        paren_token: Paren,
        nested: [
            Meta(
                Word(
                    Ident(
                        bar
                    )
                )
            )
        ]
    }
)
