---
created: "2019-03-11T05:40:06.910167896Z"
creator: insta@0.7.1
source: tests/test_derive_input.rs
expression: syntax_tree
---
[
    NameValue(
        MetaNameValue {
            ident: Ident(
                doc
            ),
            eq_token: Eq,
            lit: Str(
                LitStr {
                    token: Literal {
                        lit: r" See the std::result module documentation for details."
                    }
                }
            )
        }
    ),
    Word(
        Ident(
            must_use
        )
    )
]
