---
created: "2019-03-17T19:07:57.505231700Z"
creator: insta@0.7.1
source: tests/test_attribute.rs
expression: syntax_tree
---
List(
    MetaList {
        path: Path {
            leading_colon: None,
            segments: [
                PathSegment {
                    ident: Ident(
                        foo
                    ),
                    arguments: None
                }
            ]
        },
        paren_token: Paren,
        nested: [
            Literal(
                Bool(
                    LitBool {
                        value: true,
                        span: Span
                    }
                )
            )
        ]
    }
)
