---
created: "2019-03-17T20:01:48.967344100Z"
creator: insta@0.7.1
source: tests/test_derive_input.rs
expression: syntax_tree
---
[
    NameValue(
        MetaNameValue {
            path: Path {
                leading_colon: None,
                segments: [
                    PathSegment {
                        ident: Ident(
                            doc
                        ),
                        arguments: None
                    }
                ]
            },
            eq_token: Eq,
            lit: Str(
                LitStr {
                    token: Literal {
                        lit: r" See the std::result module documentation for details."
                    }
                }
            )
        }
    ),
    Path(
        Path {
            leading_colon: None,
            segments: [
                PathSegment {
                    ident: Ident(
                        must_use
                    ),
                    arguments: None
                }
            ]
        }
    )
]
