---
created: "2019-04-06T05:46:03.486232109Z"
creator: insta@0.7.4
source: tests/test_meta.rs
expression: syntax_tree
---
MetaNameValue {
    ident: Ident(
        true,
    ),
    eq_token: Eq,
    lit: Int(
        LitInt {
            token: Literal {
                lit: 5,
            },
        },
    ),
}
