---
created: "2019-03-17T20:01:48.968342400Z"
creator: insta@0.7.1
source: tests/test_derive_input.rs
expression: syntax_tree
---
List(
    MetaList {
        path: Path {
            leading_colon: None,
            segments: [
                PathSegment {
                    ident: Ident(
                        derive
                    ),
                    arguments: None
                }
            ]
        },
        paren_token: Paren,
        nested: [
            Meta(
                Path(
                    Path {
                        leading_colon: None,
                        segments: [
                            PathSegment {
                                ident: Ident(
                                    Debug
                                ),
                                arguments: None
                            }
                        ]
                    }
                )
            ),
            Comma,
            Meta(
                Path(
                    Path {
                        leading_colon: None,
                        segments: [
                            PathSegment {
                                ident: Ident(
                                    Clone
                                ),
                                arguments: None
                            }
                        ]
                    }
                )
            )
        ]
    }
)
