---
created: "2019-03-11T05:40:06.919215869Z"
creator: insta@0.7.1
source: tests/test_derive_input.rs
expression: syntax_tree
---
List(
    MetaList {
        ident: Ident(
            derive
        ),
        paren_token: Paren,
        nested: [
            Meta(
                Word(
                    Ident(
                        Debug
                    )
                )
            ),
            Comma,
            Meta(
                Word(
                    Ident(
                        Clone
                    )
                )
            )
        ]
    }
)
