---
created: "2019-03-17T20:28:26.050832100Z"
creator: insta@0.7.1
source: tests/test_meta.rs
expression: syntax_tree
---
List(
    MetaList {
        path: Path {
            leading_colon: None,
            segments: [
                PathSegment {
                    ident: Ident(
                        foo
                    ),
                    arguments: None
                }
            ]
        },
        paren_token: Paren,
        nested: [
            Literal(
                Int(
                    LitInt {
                        token: Literal {
                            lit: 5
                        }
                    }
                )
            )
        ]
    }
)
